// Jest Snapshot v1, https://goo.gl/fbAQLP

exports[`<EditAssetDialog /> renders and matches the snapshot 1`] = `
.c0 {
  border: 0;
  -webkit-clip: rect(0 0 0 0);
  clip: rect(0 0 0 0);
  height: 1px;
  margin: -1px;
  overflow: hidden;
  padding: 0;
  position: absolute;
  width: 1px;
}

.c14 {
  background: #eaeaef;
  border-radius: 4px;
  border-color: #dcdce4;
  border: 1px solid #dcdce4;
}

.c27 {
  background: #f6f6f9;
  padding-top: 16px;
  padding-right: 24px;
  padding-bottom: 16px;
  padding-left: 24px;
  border-radius: 4px;
}

.c47 {
  font-weight: 600;
  color: #32324d;
  font-size: 0.75rem;
  line-height: 1.33;
}

.c44 {
  display: -webkit-box;
  display: -webkit-flex;
  display: -ms-flexbox;
  display: flex;
  cursor: pointer;
  padding: 8px;
  border-radius: 4px;
  background: #ffffff;
  border: 1px solid #dcdce4;
  position: relative;
  outline: none;
}

.c44 svg {
  height: 12px;
  width: 12px;
}

.c44 svg > g,
.c44 svg path {
  fill: #ffffff;
}

.c44[aria-disabled='true'] {
  pointer-events: none;
}

.c44:after {
  -webkit-transition-property: all;
  transition-property: all;
  -webkit-transition-duration: 0.2s;
  transition-duration: 0.2s;
  border-radius: 8px;
  content: '';
  position: absolute;
  top: -4px;
  bottom: -4px;
  left: -4px;
  right: -4px;
  border: 2px solid transparent;
}

.c44:focus-visible {
  outline: none;
}

.c44:focus-visible:after {
  border-radius: 8px;
  content: '';
  position: absolute;
  top: -5px;
  bottom: -5px;
  left: -5px;
  right: -5px;
  border: 2px solid #4945ff;
}

.c45 {
  -webkit-align-items: center;
  -webkit-box-align: center;
  -ms-flex-align: center;
  align-items: center;
  padding: 8px 16px;
  background: #4945ff;
  border: 1px solid #4945ff;
  border: 1px solid #dcdce4;
  background: #ffffff;
}

.c45 .sc-iseIHH {
  display: -webkit-box;
  display: -webkit-flex;
  display: -ms-flexbox;
  display: flex;
  -webkit-align-items: center;
  -webkit-box-align: center;
  -ms-flex-align: center;
  align-items: center;
}

.c45 .c46 {
  color: #ffffff;
}

.c45[aria-disabled='true'] {
  border: 1px solid #dcdce4;
  background: #eaeaef;
}

.c45[aria-disabled='true'] .c46 {
  color: #666687;
}

.c45[aria-disabled='true'] svg > g,
.c45[aria-disabled='true'] svg path {
  fill: #666687;
}

.c45[aria-disabled='true']:active {
  border: 1px solid #dcdce4;
  background: #eaeaef;
}

.c45[aria-disabled='true']:active .c46 {
  color: #666687;
}

.c45[aria-disabled='true']:active svg > g,
.c45[aria-disabled='true']:active svg path {
  fill: #666687;
}

.c45:hover {
  background-color: #f6f6f9;
}

.c45:active {
  background-color: #eaeaef;
}

.c45 .c46 {
  color: #32324d;
}

.c45 svg > g,
.c45 svg path {
  fill: #32324d;
}

.c48 {
  -webkit-align-items: center;
  -webkit-box-align: center;
  -ms-flex-align: center;
  align-items: center;
  padding: 8px 16px;
  background: #4945ff;
  border: 1px solid #4945ff;
  border: 1px solid #d9d8ff;
  background: #f0f0ff;
}

.c48 .sc-iseIHH {
  display: -webkit-box;
  display: -webkit-flex;
  display: -ms-flexbox;
  display: flex;
  -webkit-align-items: center;
  -webkit-box-align: center;
  -ms-flex-align: center;
  align-items: center;
}

.c48 .c46 {
  color: #ffffff;
}

.c48[aria-disabled='true'] {
  border: 1px solid #dcdce4;
  background: #eaeaef;
}

.c48[aria-disabled='true'] .c46 {
  color: #666687;
}

.c48[aria-disabled='true'] svg > g,
.c48[aria-disabled='true'] svg path {
  fill: #666687;
}

.c48[aria-disabled='true']:active {
  border: 1px solid #dcdce4;
  background: #eaeaef;
}

.c48[aria-disabled='true']:active .c46 {
  color: #666687;
}

.c48[aria-disabled='true']:active svg > g,
.c48[aria-disabled='true']:active svg path {
  fill: #666687;
}

.c48:hover {
  background-color: #ffffff;
}

.c48:active {
  background-color: #ffffff;
  border: 1px solid #4945ff;
}

.c48:active .c46 {
  color: #4945ff;
}

.c48:active svg > g,
.c48:active svg path {
  fill: #4945ff;
}

.c48 .c46 {
  color: #271fe0;
}

.c48 svg > g,
.c48 svg path {
  fill: #271fe0;
}

.c49 {
  -webkit-align-items: center;
  -webkit-box-align: center;
  -ms-flex-align: center;
  align-items: center;
  padding: 8px 16px;
  background: #4945ff;
  border: 1px solid #4945ff;
}

.c49 .sc-iseIHH {
  display: -webkit-box;
  display: -webkit-flex;
  display: -ms-flexbox;
  display: flex;
  -webkit-align-items: center;
  -webkit-box-align: center;
  -ms-flex-align: center;
  align-items: center;
}

.c49 .c46 {
  color: #ffffff;
}

.c49[aria-disabled='true'] {
  border: 1px solid #dcdce4;
  background: #eaeaef;
}

.c49[aria-disabled='true'] .c46 {
  color: #666687;
}

.c49[aria-disabled='true'] svg > g,
.c49[aria-disabled='true'] svg path {
  fill: #666687;
}

.c49[aria-disabled='true']:active {
  border: 1px solid #dcdce4;
  background: #eaeaef;
}

.c49[aria-disabled='true']:active .c46 {
  color: #666687;
}

.c49[aria-disabled='true']:active svg > g,
.c49[aria-disabled='true']:active svg path {
  fill: #666687;
}

.c49:hover {
  border: 1px solid #7b79ff;
  background: #7b79ff;
}

.c49:active {
  border: 1px solid #4945ff;
  background: #4945ff;
}

.c49 svg > g,
.c49 svg path {
  fill: #ffffff;
}

.c16 {
  padding-right: 12px;
  padding-left: 12px;
}

.c24 {
  padding-right: 8px;
  padding-left: 8px;
}

.c17 {
  -webkit-align-items: center;
  -webkit-box-align: center;
  -ms-flex-align: center;
  align-items: center;
  display: -webkit-box;
  display: -webkit-flex;
  display: -ms-flexbox;
  display: flex;
  -webkit-flex-direction: row;
  -ms-flex-direction: row;
  flex-direction: row;
  -webkit-box-pack: end;
  -webkit-justify-content: flex-end;
  -ms-flex-pack: end;
  justify-content: flex-end;
}

.c50 {
  background: #212134;
  padding: 8px;
  border-radius: 4px;
}

.c52 {
  font-weight: 600;
  color: #ffffff;
  font-size: 0.75rem;
  line-height: 1.33;
}

.c51 {
  position: absolute;
  z-index: 4;
  display: none;
}

.c21 {
  display: -webkit-box;
  display: -webkit-flex;
  display: -ms-flexbox;
  display: flex;
  cursor: pointer;
  padding: 8px;
  border-radius: 4px;
  background: #ffffff;
  border: 1px solid #dcdce4;
  position: relative;
  outline: none;
}

.c21 svg {
  height: 12px;
  width: 12px;
}

.c21 svg > g,
.c21 svg path {
  fill: #ffffff;
}

.c21[aria-disabled='true'] {
  pointer-events: none;
}

.c21:after {
  -webkit-transition-property: all;
  transition-property: all;
  -webkit-transition-duration: 0.2s;
  transition-duration: 0.2s;
  border-radius: 8px;
  content: '';
  position: absolute;
  top: -4px;
  bottom: -4px;
  left: -4px;
  right: -4px;
  border: 2px solid transparent;
}

.c21:focus-visible {
  outline: none;
}

.c21:focus-visible:after {
  border-radius: 8px;
  content: '';
  position: absolute;
  top: -5px;
  bottom: -5px;
  left: -5px;
  right: -5px;
  border: 2px solid #4945ff;
}

.c22 {
  display: -webkit-box;
  display: -webkit-flex;
  display: -ms-flexbox;
  display: flex;
  -webkit-align-items: center;
  -webkit-box-align: center;
  -ms-flex-align: center;
  align-items: center;
  -webkit-box-pack: center;
  -webkit-justify-content: center;
  -ms-flex-pack: center;
  justify-content: center;
  height: 2rem;
  width: 2rem;
}

.c22 svg > g,
.c22 svg path {
  fill: #8e8ea9;
}

.c22:hover svg > g,
.c22:hover svg path {
  fill: #666687;
}

.c22:active svg > g,
.c22:active svg path {
  fill: #a5a5ba;
}

.c22[aria-disabled='true'] {
  background-color: #eaeaef;
}

.c22[aria-disabled='true'] svg path {
  fill: #666687;
}

.c19 {
  -webkit-align-items: center;
  -webkit-box-align: center;
  -ms-flex-align: center;
  align-items: center;
  display: -webkit-box;
  display: -webkit-flex;
  display: -ms-flexbox;
  display: flex;
  -webkit-flex-direction: row;
  -ms-flex-direction: row;
  flex-direction: row;
}

.c25 {
  -webkit-align-items: stretch;
  -webkit-box-align: stretch;
  -ms-flex-align: stretch;
  align-items: stretch;
  display: -webkit-box;
  display: -webkit-flex;
  display: -ms-flexbox;
  display: flex;
  -webkit-flex-direction: column;
  -ms-flex-direction: column;
  flex-direction: column;
}

.c26 > * {
  margin-top: 0;
  margin-bottom: 0;
}

.c26 > * + * {
  margin-top: 12px;
}

.c28 > * {
  margin-top: 0;
  margin-bottom: 0;
}

.c28 > * + * {
  margin-top: 4px;
}

.c20 > * {
  margin-left: 0;
  margin-right: 0;
}

.c20 > * + * {
  margin-left: 4px;
}

.c32 {
  -webkit-align-items: stretch;
  -webkit-box-align: stretch;
  -ms-flex-align: stretch;
  align-items: stretch;
  display: -webkit-box;
  display: -webkit-flex;
  display: -ms-flexbox;
  display: flex;
  -webkit-flex-direction: column;
  -ms-flex-direction: column;
  flex-direction: column;
}

.c35 {
  -webkit-align-items: center;
  -webkit-box-align: center;
  -ms-flex-align: center;
  align-items: center;
  display: -webkit-box;
  display: -webkit-flex;
  display: -ms-flexbox;
  display: flex;
  -webkit-flex-direction: row;
  -ms-flex-direction: row;
  flex-direction: row;
}

.c36 {
  -webkit-align-items: center;
  -webkit-box-align: center;
  -ms-flex-align: center;
  align-items: center;
  display: -webkit-box;
  display: -webkit-flex;
  display: -ms-flexbox;
  display: flex;
  -webkit-flex-direction: row;
  -ms-flex-direction: row;
  flex-direction: row;
  -webkit-box-pack: justify;
  -webkit-justify-content: space-between;
  -ms-flex-pack: justify;
  justify-content: space-between;
}

.c34 {
  font-weight: 600;
  color: #32324d;
  font-size: 0.75rem;
  line-height: 1.33;
}

.c39 {
  color: #666687;
  font-size: 0.75rem;
  line-height: 1.33;
}

.c38 {
  border: none;
  border-radius: 4px;
  padding-bottom: 0.40625rem;
  padding-left: 16px;
  padding-right: 16px;
  padding-top: 0.40625rem;
  color: #32324d;
  font-weight: 400;
  font-size: 0.875rem;
  display: block;
  width: 100%;
  background: inherit;
}

.c38::-webkit-input-placeholder {
  color: #8e8ea9;
  opacity: 1;
}

.c38::-moz-placeholder {
  color: #8e8ea9;
  opacity: 1;
}

.c38:-ms-input-placeholder {
  color: #8e8ea9;
  opacity: 1;
}

.c38::placeholder {
  color: #8e8ea9;
  opacity: 1;
}

.c38[aria-disabled='true'] {
  color: inherit;
}

.c38:focus {
  outline: none;
  box-shadow: none;
}

.c37 {
  border: 1px solid #dcdce4;
  border-radius: 4px;
  background: #ffffff;
  outline: none;
  box-shadow: 0;
  -webkit-transition-property: border-color,box-shadow,fill;
  transition-property: border-color,box-shadow,fill;
  -webkit-transition-duration: 0.2s;
  transition-duration: 0.2s;
}

.c37:focus-within {
  border: 1px solid #4945ff;
  box-shadow: #4945ff 0px 0px 0px 2px;
}

.c33 > * {
  margin-top: 0;
  margin-bottom: 0;
}

.c33 > * + * {
  margin-top: 4px;
}

.c7 {
  font-weight: 600;
  color: #32324d;
  font-size: 0.875rem;
  line-height: 1.43;
}

.c29 {
  color: #666687;
  font-weight: 600;
  font-size: 0.6875rem;
  line-height: 1.45;
  text-transform: uppercase;
}

.c30 {
  color: #4a4a6a;
  font-size: 0.75rem;
  line-height: 1.33;
}

.c31 {
  font-size: 0.75rem;
  line-height: 1.33;
  color: #4a4a6a;
  text-transform: uppercase;
  font-size: 0.875rem;
  line-height: 1.43;
}

.c40 {
  border: 0;
  -webkit-clip: rect(0 0 0 0);
  clip: rect(0 0 0 0);
  height: 1px;
  margin: -1px;
  overflow: hidden;
  padding: 0;
  position: absolute;
  width: 1px;
}

.c2 {
  background: #ffffff;
  border-radius: 4px;
  box-shadow: 0px 2px 15px rgba(33,33,52,0.1);
}

.c4 {
  background: #f6f6f9;
  padding-top: 16px;
  padding-right: 20px;
  padding-bottom: 16px;
  padding-left: 20px;
}

.c10 {
  padding-top: 24px;
  padding-right: 40px;
  padding-bottom: 24px;
  padding-left: 40px;
}

.c1 {
  position: fixed;
  z-index: 4;
  inset: 0;
  background: #32324d1F;
  padding: 0 40px;
  display: -webkit-box;
  display: -webkit-flex;
  display: -ms-flexbox;
  display: flex;
  -webkit-align-items: center;
  -webkit-box-align: center;
  -ms-flex-align: center;
  align-items: center;
  -webkit-box-pack: center;
  -webkit-justify-content: center;
  -ms-flex-pack: center;
  justify-content: center;
}

.c3 {
  width: 51.875rem;
}

.c6 {
  -webkit-align-items: center;
  -webkit-box-align: center;
  -ms-flex-align: center;
  align-items: center;
  display: -webkit-box;
  display: -webkit-flex;
  display: -ms-flexbox;
  display: flex;
  -webkit-flex-direction: row;
  -ms-flex-direction: row;
  flex-direction: row;
  -webkit-box-pack: justify;
  -webkit-justify-content: space-between;
  -ms-flex-pack: justify;
  justify-content: space-between;
}

.c42 {
  -webkit-align-items: center;
  -webkit-box-align: center;
  -ms-flex-align: center;
  align-items: center;
  display: -webkit-box;
  display: -webkit-flex;
  display: -ms-flexbox;
  display: flex;
  -webkit-flex-direction: row;
  -ms-flex-direction: row;
  flex-direction: row;
}

.c8 {
  display: -webkit-box;
  display: -webkit-flex;
  display: -ms-flexbox;
  display: flex;
  cursor: pointer;
  padding: 8px;
  border-radius: 4px;
  background: #ffffff;
  border: 1px solid #dcdce4;
  position: relative;
  outline: none;
}

.c8 svg {
  height: 12px;
  width: 12px;
}

.c8 svg > g,
.c8 svg path {
  fill: #ffffff;
}

.c8[aria-disabled='true'] {
  pointer-events: none;
}

.c8:after {
  -webkit-transition-property: all;
  transition-property: all;
  -webkit-transition-duration: 0.2s;
  transition-duration: 0.2s;
  border-radius: 8px;
  content: '';
  position: absolute;
  top: -4px;
  bottom: -4px;
  left: -4px;
  right: -4px;
  border: 2px solid transparent;
}

.c8:focus-visible {
  outline: none;
}

.c8:focus-visible:after {
  border-radius: 8px;
  content: '';
  position: absolute;
  top: -5px;
  bottom: -5px;
  left: -5px;
  right: -5px;
  border: 2px solid #4945ff;
}

.c9 {
  display: -webkit-box;
  display: -webkit-flex;
  display: -ms-flexbox;
  display: flex;
  -webkit-align-items: center;
  -webkit-box-align: center;
  -ms-flex-align: center;
  align-items: center;
  -webkit-box-pack: center;
  -webkit-justify-content: center;
  -ms-flex-pack: center;
  justify-content: center;
  height: 2rem;
  width: 2rem;
}

.c9 svg > g,
.c9 svg path {
  fill: #8e8ea9;
}

.c9:hover svg > g,
.c9:hover svg path {
  fill: #666687;
}

.c9:active svg > g,
.c9:active svg path {
  fill: #a5a5ba;
}

.c9[aria-disabled='true'] {
  background-color: #eaeaef;
}

.c9[aria-disabled='true'] svg path {
  fill: #666687;
}

.c5 {
  border-radius: 4px 4px 0 0;
  border-bottom: 1px solid #eaeaef;
}

.c41 {
  border-radius: 0 0 4px 4px;
  border-top: 1px solid #eaeaef;
}

.c43 > * + * {
  margin-left: 8px;
}

.c11 {
  overflow: auto;
  max-height: 60vh;
}

.c12 {
  display: grid;
  grid-template-columns: repeat(12,1fr);
  gap: 16px;
}

.c13 {
  grid-column: span 6;
  max-width: 100%;
}

.c15 {
  position: relative;
}

.c23 {
  position: relative;
  text-align: center;
  background: repeating-conic-gradient( #f6f6f9 0% 25%, transparent 0% 50% ) 50% / 20px 20px;
}

.c23 svg {
  font-size: 3rem;
  height: 16.5rem;
}

.c23 img,
.c23 video {
  margin: 0;
  padding: 0;
  max-height: 16.5rem;
  max-width: 100%;
}

.c18 {
  height: 3.25rem;
}

@media (max-width:68.75rem) {
  .c13 {
    grid-column: span;
  }
}

@media (max-width:34.375rem) {
  .c13 {
    grid-column: span 12;
  }
}

<body
  class="lock-body-scroll"
>
  <div
    class="c0"
  >
    <p
      aria-live="polite"
      aria-relevant="all"
      id="live-region-log"
      role="log"
    />
    <p
      aria-live="polite"
      aria-relevant="all"
      id="live-region-status"
      role="status"
    />
    <p
      aria-live="assertive"
      aria-relevant="all"
      id="live-region-alert"
      role="alert"
    />
  </div>
  <div
    data-react-portal="true"
  >
    <div
      class="c1"
    >
      <div>
        <div
          aria-labelledby="title"
          aria-modal="true"
          class="c2 c3"
          role="dialog"
        >
          <div
            class="c4 c5"
          >
            <div
              class="c6"
            >
              <h2
                class="c7"
                id="title"
              >
                Details
              </h2>
              <button
                aria-disabled="false"
                aria-label="Close the modal"
                class="c8 c9"
                type="button"
              >
                <svg
                  fill="none"
                  height="1em"
                  viewBox="0 0 24 24"
                  width="1em"
                  xmlns="http://www.w3.org/2000/svg"
                >
                  <path
                    d="M24 2.417L21.583 0 12 9.583 2.417 0 0 2.417 9.583 12 0 21.583 2.417 24 12 14.417 21.583 24 24 21.583 14.417 12 24 2.417z"
                    fill="#212134"
                  />
                </svg>
              </button>
            </div>
          </div>
          <div
            class="c10 c11"
          >
            <div
              class="c12"
            >
              <div
                class="c13"
              >
                <div
                  class=""
                >
                  <div
                    class="c14 c15"
                  >
                    <div
                      class="c16 c17 c18"
                    >
                      <div
                        class="c19 c20"
                        spacing="1"
                      >
                        <span>
                          <button
                            aria-disabled="false"
                            aria-labelledby="tooltip-1"
                            class="c21 c22"
                            tabindex="0"
                            type="button"
                          >
                            <svg
                              fill="none"
                              height="1em"
                              viewBox="0 0 24 24"
                              width="1em"
                              xmlns="http://www.w3.org/2000/svg"
                            >
                              <path
                                d="M3.236 6.149a.2.2 0 00-.197.233L6 24h12l2.96-17.618a.2.2 0 00-.196-.233H3.236zM21.8 1.983c.11 0 .2.09.2.2v1.584a.2.2 0 01-.2.2H2.2a.2.2 0 01-.2-.2V2.183c0-.11.09-.2.2-.2h5.511c.9 0 1.631-1.09 1.631-1.983h5.316c0 .894.73 1.983 1.631 1.983H21.8z"
                                fill="#32324D"
                              />
                            </svg>
                          </button>
                        </span>
                        <span>
                          <button
                            aria-disabled="false"
                            aria-labelledby="tooltip-3"
                            class="c21 c22"
                            tabindex="0"
                            type="button"
                          >
                            <svg
                              fill="none"
                              height="1em"
                              viewBox="0 0 24 25"
                              width="1em"
                              xmlns="http://www.w3.org/2000/svg"
                            >
                              <path
                                clip-rule="evenodd"
                                d="M13.571 5.85H10.43v8.47H2.487a.2.2 0 00-.14.343l9.512 9.401a.2.2 0 00.282 0l9.513-9.401a.2.2 0 00-.14-.342H13.57V5.85zM2.2 3.027a.2.2 0 01-.2-.2V.402c0-.11.09-.2.2-.2h19.6c.11 0 .2.09.2.2v2.423a.2.2 0 01-.2.2H2.2z"
                                fill="#212134"
                                fill-rule="evenodd"
                              />
                            </svg>
                          </button>
                        </span>
                        <span>
                          <button
                            aria-disabled="false"
                            aria-labelledby="tooltip-5"
                            class="c21 c22"
                            tabindex="0"
                            type="button"
                          >
                            <svg
                              fill="none"
                              height="1em"
                              viewBox="0 0 24 24"
                              width="1em"
                              xmlns="http://www.w3.org/2000/svg"
                            >
                              <path
                                d="M21.415 1.344a6.137 6.137 0 00-8.525.838L11.095 4.33a1.53 1.53 0 102.35 1.963l1.794-2.148a3.054 3.054 0 014.365-.324 3.117 3.117 0 01.255 4.301l-3.73 4.467-.035.038a3.048 3.048 0 01-4.53.078 1.531 1.531 0 00-2.241 2.086 6.114 6.114 0 009.159-.245l3.721-4.454a6.289 6.289 0 001.418-4.62 6.01 6.01 0 00-2.206-4.128z"
                                fill="#212134"
                              />
                              <path
                                d="M10.399 17.884l-1.604 1.92a3.118 3.118 0 01-4.278.513 3.052 3.052 0 01-.457-4.353l3.795-4.542.028-.031a3.042 3.042 0 014.584-.022 1.529 1.529 0 001.794.37c.197-.094.37-.228.51-.395l.018-.022a1.51 1.51 0 00-.025-1.977 6.11 6.11 0 00-9.27.126l-3.784 4.53a6.137 6.137 0 00.692 8.539 6.01 6.01 0 004.454 1.437 6.289 6.289 0 004.294-2.217l1.598-1.913a1.53 1.53 0 00-2.35-1.963z"
                                fill="#212134"
                              />
                            </svg>
                          </button>
                        </span>
                        <span>
                          <button
                            aria-disabled="false"
                            aria-labelledby="tooltip-7"
                            class="c21 c22"
                            tabindex="0"
                            type="button"
                          >
                            <svg
                              fill="none"
                              height="1em"
                              viewBox="0 0 24 24"
                              width="1em"
                              xmlns="http://www.w3.org/2000/svg"
                            >
                              <path
                                d="M20.571 21.429h-3.428V24h3.428v-2.571zM20.571 17.143V3.429H7.714v3.428h9.429v10.286H6.857V0H3.43v3.429H0v3.428h3.429v13.714H24v-3.428h-3.429z"
                                fill="#212134"
                              />
                            </svg>
                          </button>
                        </span>
                      </div>
                    </div>
                    <div
                      class="c23"
                    >
                      <img
                        alt="Screenshot 2.png"
                        src="http://localhost:1337/uploads/thumbnail_Screenshot_2_5d4a574d61.png?updated_at=2021-10-04T09:42:31.670Z"
                      />
                    </div>
                    <div
                      class="c24 c17 c18"
                    />
                  </div>
                </div>
              </div>
              <div
                class="c13"
              >
                <div
                  class=""
                >
                  <form
                    action="#"
                    novalidate=""
                  >
                    <div
                      class="c25 c26"
                      spacing="3"
                    >
                      <div
                        class="c27"
                      >
                        <div
                          class="c12"
                        >
                          <div
                            class="c13"
                          >
                            <div
                              class=""
                            >
                              <div
                                class="c25 c28"
                                spacing="1"
                              >
                                <span
                                  class="c29"
                                >
                                  Size
                                </span>
                                <span
                                  class="c30"
                                >
                                  102KB
                                </span>
                              </div>
                            </div>
                          </div>
                          <div
                            class="c13"
                          >
                            <div
                              class=""
                            >
                              <div
                                class="c25 c28"
                                spacing="1"
                              >
                                <span
                                  class="c29"
                                >
                                  Date
                                </span>
                                <span
                                  class="c30"
                                >
                                  10/4/2021
                                </span>
                              </div>
                            </div>
                          </div>
                          <div
                            class="c13"
                          >
                            <div
                              class=""
                            >
                              <div
                                class="c25 c28"
                                spacing="1"
                              >
                                <span
                                  class="c29"
                                >
                                  Dimensions
                                </span>
                                <span
                                  class="c30"
                                >
                                  1476✕780
                                </span>
                              </div>
                            </div>
                          </div>
                          <div
                            class="c13"
                          >
                            <div
                              class=""
                            >
                              <div
                                class="c25 c28"
                                spacing="1"
                              >
                                <span
                                  class="c29"
                                >
                                  Extension
                                </span>
                                <span
                                  class="c31"
                                >
                                  png
                                </span>
                              </div>
                            </div>
                          </div>
                        </div>
                      </div>
                      <div>
                        <div>
                          <div
                            class="c32 c33"
                            spacing="1"
                          >
                            <label
                              class="c34"
                              for="textinput-1"
                            >
                              <div
                                class="c35"
                              >
                                File name
                              </div>
                            </label>
                            <div
                              class="c36 c37"
                            >
                              <input
                                aria-disabled="false"
                                aria-invalid="false"
                                class="c38"
                                id="textinput-1"
                                name="name"
                                value="Screenshot 2.png"
                              />
                            </div>
                          </div>
                        </div>
                      </div>
                      <div>
                        <div>
                          <div
                            class="c32 c33"
                            spacing="1"
                          >
                            <label
                              class="c34"
                              for="textinput-2"
                            >
                              <div
                                class="c35"
                              >
                                Alternative text
                              </div>
                            </label>
                            <div
                              class="c36 c37"
                            >
                              <input
                                aria-describedby="textinput-2-hint"
                                aria-disabled="false"
                                aria-invalid="false"
                                class="c38"
                                id="textinput-2"
                                name="alternativeText"
                                value=""
                              />
                            </div>
                            <p
                              class="c39"
                              id="textinput-2-hint"
                            >
                              This text will be displayed if the asset can’t be shown.
                            </p>
                          </div>
                        </div>
                      </div>
                      <div>
                        <div>
                          <div
                            class="c32 c33"
                            spacing="1"
                          >
                            <label
                              class="c34"
                              for="textinput-3"
                            >
                              <div
                                class="c35"
                              >
                                Caption
                              </div>
                            </label>
                            <div
                              class="c36 c37"
                            >
                              <input
                                aria-disabled="false"
                                aria-invalid="false"
                                class="c38"
                                id="textinput-3"
                                name="caption"
                                value=""
                              />
                            </div>
                          </div>
                        </div>
                      </div>
                    </div>
                    <div
                      class="c40"
                    >
                      <button
                        tabindex="-1"
                        type="submit"
                      >
                        Submit
                      </button>
                    </div>
                  </form>
                </div>
              </div>
            </div>
          </div>
          <div
            class="c4 c41"
          >
            <div
              class="c6"
            >
              <div
                class="c42 c43"
              >
                <button
                  aria-disabled="false"
                  class="c44 c45"
                  type="button"
                >
                  <span
                    class="c46 c47"
                  >
                    Cancel
                  </span>
                </button>
              </div>
              <div
                class="c42 c43"
              >
                <button
                  aria-disabled="false"
                  class="c44 c48"
                  type="button"
                >
                  <span
                    class="c46 c47"
                  >
                    Replace media
                  </span>
                </button>
                <div
                  class="c40"
                >
                  <input
                    accept="image/png"
                    aria-hidden="true"
                    name="file"
                    tabindex="-1"
                    type="file"
                  />
                </div>
                <button
                  aria-disabled="false"
                  class="c44 c49"
                  type="button"
                >
                  <span
                    class="c46 c47"
                  >
                    Finish
                  </span>
                </button>
              </div>
            </div>
          </div>
        </div>
      </div>
    </div>
  </div>
  <div
    data-react-portal="true"
  >
    <div
      class="c50 c51"
      id="tooltip-1"
      role="tooltip"
    >
      <p
        class="c52"
      >
        Delete
      </p>
    </div>
  </div>
  <div
    data-react-portal="true"
  >
    <div
      class="c50 c51"
      id="tooltip-3"
      role="tooltip"
    >
      <p
        class="c52"
      >
        Download
      </p>
    </div>
  </div>
  <div
    data-react-portal="true"
  >
    <div
      class="c50 c51"
      id="tooltip-5"
      role="tooltip"
    >
      <p
        class="c52"
      >
        Copy link
      </p>
    </div>
  </div>
  <div
    data-react-portal="true"
  >
    <div
      class="c50 c51"
      id="tooltip-7"
      role="tooltip"
    >
      <p
        class="c52"
      >
        Crop
      </p>
    </div>
  </div>
</body>
`;
