// Jest Snapshot v1, https://goo.gl/fbAQLP

exports[`ISO locales getIsoLocales 1`] = `
Array [
  Object {
    "code": "af",
    "name": "Afrikaans (af)",
  },
  Object {
    "code": "af-NA",
    "name": "Afrikaans (Namibia) (af-NA)",
  },
  Object {
    "code": "af-ZA",
    "name": "Afrikaans (South Africa) (af-ZA)",
  },
  Object {
    "code": "agq",
    "name": "Aghem (agq)",
  },
  Object {
    "code": "agq-CM",
    "name": "Aghem (Cameroon) (agq-CM)",
  },
  Object {
    "code": "ak",
    "name": "Akan (ak)",
  },
  Object {
    "code": "ak-GH",
    "name": "Akan (Ghana) (ak-GH)",
  },
  Object {
    "code": "sq",
    "name": "Albanian (sq)",
  },
  Object {
    "code": "sq-AL",
    "name": "Albanian (Albania) (sq-AL)",
  },
  Object {
    "code": "am",
    "name": "Amharic (am)",
  },
  Object {
    "code": "am-ET",
    "name": "Amharic (Ethiopia) (am-ET)",
  },
  Object {
    "code": "ar",
    "name": "Arabic (ar)",
  },
  Object {
    "code": "ar-DZ",
    "name": "Arabic (Algeria) (ar-DZ)",
  },
  Object {
    "code": "ar-BH",
    "name": "Arabic (Bahrain) (ar-BH)",
  },
  Object {
    "code": "ar-EG",
    "name": "Arabic (Egypt) (ar-EG)",
  },
  Object {
    "code": "ar-IQ",
    "name": "Arabic (Iraq) (ar-IQ)",
  },
  Object {
    "code": "ar-JO",
    "name": "Arabic (Jordan) (ar-JO)",
  },
  Object {
    "code": "ar-KW",
    "name": "Arabic (Kuwait) (ar-KW)",
  },
  Object {
    "code": "ar-LB",
    "name": "Arabic (Lebanon) (ar-LB)",
  },
  Object {
    "code": "ar-LY",
    "name": "Arabic (Libya) (ar-LY)",
  },
  Object {
    "code": "ar-MA",
    "name": "Arabic (Morocco) (ar-MA)",
  },
  Object {
    "code": "ar-OM",
    "name": "Arabic (Oman) (ar-OM)",
  },
  Object {
    "code": "ar-QA",
    "name": "Arabic (Qatar) (ar-QA)",
  },
  Object {
    "code": "ar-SA",
    "name": "Arabic (Saudi Arabia) (ar-SA)",
  },
  Object {
    "code": "ar-SD",
    "name": "Arabic (Sudan) (ar-SD)",
  },
  Object {
    "code": "ar-SY",
    "name": "Arabic (Syria) (ar-SY)",
  },
  Object {
    "code": "ar-TN",
    "name": "Arabic (Tunisia) (ar-TN)",
  },
  Object {
    "code": "ar-AE",
    "name": "Arabic (United Arab Emirates) (ar-AE)",
  },
  Object {
    "code": "ar-001",
    "name": "Arabic (World) (ar-001)",
  },
  Object {
    "code": "ar-YE",
    "name": "Arabic (Yemen) (ar-YE)",
  },
  Object {
    "code": "hy",
    "name": "Armenian (hy)",
  },
  Object {
    "code": "hy-AM",
    "name": "Armenian (Armenia) (hy-AM)",
  },
  Object {
    "code": "as",
    "name": "Assamese (as)",
  },
  Object {
    "code": "as-IN",
    "name": "Assamese (India) (as-IN)",
  },
  Object {
    "code": "asa",
    "name": "Asu (asa)",
  },
  Object {
    "code": "asa-TZ",
    "name": "Asu (Tanzania) (asa-TZ)",
  },
  Object {
    "code": "az",
    "name": "Azerbaijani (az)",
  },
  Object {
    "code": "az-Cyrl",
    "name": "Azerbaijani (Cyrillic) (az-Cyrl)",
  },
  Object {
    "code": "az-Cyrl-AZ",
    "name": "Azerbaijani (Cyrillic, Azerbaijan) (az-Cyrl-AZ)",
  },
  Object {
    "code": "az-Latn",
    "name": "Azerbaijani (Latin) (az-Latn)",
  },
  Object {
    "code": "az-Latn-AZ",
    "name": "Azerbaijani (Latin, Azerbaijan) (az-Latn-AZ)",
  },
  Object {
    "code": "ksf",
    "name": "Bafia (ksf)",
  },
  Object {
    "code": "ksf-CM",
    "name": "Bafia (Cameroon) (ksf-CM)",
  },
  Object {
    "code": "bm",
    "name": "Bambara (bm)",
  },
  Object {
    "code": "bm-ML",
    "name": "Bambara (Mali) (bm-ML)",
  },
  Object {
    "code": "bas",
    "name": "Basaa (bas)",
  },
  Object {
    "code": "bas-CM",
    "name": "Basaa (Cameroon) (bas-CM)",
  },
  Object {
    "code": "eu",
    "name": "Basque (eu)",
  },
  Object {
    "code": "eu-ES",
    "name": "Basque (Spain) (eu-ES)",
  },
  Object {
    "code": "be",
    "name": "Belarusian (be)",
  },
  Object {
    "code": "be-BY",
    "name": "Belarusian (Belarus) (be-BY)",
  },
  Object {
    "code": "bem",
    "name": "Bemba (bem)",
  },
  Object {
    "code": "bem-ZM",
    "name": "Bemba (Zambia) (bem-ZM)",
  },
  Object {
    "code": "bez",
    "name": "Bena (bez)",
  },
  Object {
    "code": "bez-TZ",
    "name": "Bena (Tanzania) (bez-TZ)",
  },
  Object {
    "code": "bn",
    "name": "Bengali (bn)",
  },
  Object {
    "code": "bn-BD",
    "name": "Bengali (Bangladesh) (bn-BD)",
  },
  Object {
    "code": "bn-IN",
    "name": "Bengali (India) (bn-IN)",
  },
  Object {
    "code": "brx",
    "name": "Bodo (brx)",
  },
  Object {
    "code": "brx-IN",
    "name": "Bodo (India) (brx-IN)",
  },
  Object {
    "code": "bs",
    "name": "Bosnian (bs)",
  },
  Object {
    "code": "bs-BA",
    "name": "Bosnian (Bosnia and Herzegovina) (bs-BA)",
  },
  Object {
    "code": "br",
    "name": "Breton (br)",
  },
  Object {
    "code": "br-FR",
    "name": "Breton (France) (br-FR)",
  },
  Object {
    "code": "bg",
    "name": "Bulgarian (bg)",
  },
  Object {
    "code": "bg-BG",
    "name": "Bulgarian (Bulgaria) (bg-BG)",
  },
  Object {
    "code": "my",
    "name": "Burmese (my)",
  },
  Object {
    "code": "my-MM",
    "name": "Burmese (Myanmar [Burma]) (my-MM)",
  },
  Object {
    "code": "ca",
    "name": "Catalan (ca)",
  },
  Object {
    "code": "ca-ES",
    "name": "Catalan (Spain) (ca-ES)",
  },
  Object {
    "code": "ckb",
    "name": "Central Kurdish (ckb)",
  },
  Object {
    "code": "tzm",
    "name": "Central Morocco Tamazight (tzm)",
  },
  Object {
    "code": "tzm-Latn",
    "name": "Central Morocco Tamazight (Latin) (tzm-Latn)",
  },
  Object {
    "code": "tzm-Latn-MA",
    "name": "Central Morocco Tamazight (Latin, Morocco) (tzm-Latn-MA) ",
  },
  Object {
    "code": "chr",
    "name": "Cherokee (chr)",
  },
  Object {
    "code": "chr-US",
    "name": "Cherokee (United States) (chr-US)",
  },
  Object {
    "code": "cgg",
    "name": "Chiga (cgg)",
  },
  Object {
    "code": "cgg-UG",
    "name": "Chiga (Uganda) (cgg-UG)",
  },
  Object {
    "code": "zh",
    "name": "Chinese (zh)",
  },
  Object {
    "code": "zh-Hans",
    "name": "Chinese (Simplified) (zh-Hans)",
  },
  Object {
    "code": "zh-CN",
    "name": "Chinese (Simplified, China) (zh-CN)",
  },
  Object {
    "code": "zh-Hans-CN",
    "name": "Chinese (Simplified, China) (zh-Hans-CN)",
  },
  Object {
    "code": "zh-Hans-HK",
    "name": "Chinese (Simplified, Hong Kong SAR China) (zh-Hans-HK) ",
  },
  Object {
    "code": "zh-Hans-MO",
    "name": "Chinese (Simplified, Macau SAR China) (zh-Hans-MO) ",
  },
  Object {
    "code": "zh-Hans-SG",
    "name": "Chinese (Simplified, Singapore) (zh-Hans-SG)",
  },
  Object {
    "code": "zh-Hant",
    "name": "Chinese (Traditional) (zh-Hant)",
  },
  Object {
    "code": "zh-Hant-HK",
    "name": "Chinese (Traditional, Hong Kong SAR China) (zh-Hant-HK) ",
  },
  Object {
    "code": "zh-Hant-MO",
    "name": "Chinese (Traditional, Macau SAR China) (zh-Hant-MO) ",
  },
  Object {
    "code": "zh-Hant-TW",
    "name": "Chinese (Traditional, Taiwan) (zh-Hant-TW)",
  },
  Object {
    "code": "swc",
    "name": "Congo Swahili (swc)",
  },
  Object {
    "code": "swc-CD",
    "name": "Congo Swahili (Congo - Kinshasa) (swc-CD)",
  },
  Object {
    "code": "kw",
    "name": "Cornish (kw)",
  },
  Object {
    "code": "kw-GB",
    "name": "Cornish (United Kingdom) (kw-GB)",
  },
  Object {
    "code": "hr",
    "name": "Croatian (hr)",
  },
  Object {
    "code": "hr-HR",
    "name": "Croatian (Croatia) (hr-HR)",
  },
  Object {
    "code": "cs",
    "name": "Czech (cs)",
  },
  Object {
    "code": "cs-CZ",
    "name": "Czech (Czech Republic) (cs-CZ)",
  },
  Object {
    "code": "da",
    "name": "Danish (da)",
  },
  Object {
    "code": "da-DK",
    "name": "Danish (Denmark) (da-DK)",
  },
  Object {
    "code": "dua",
    "name": "Duala (dua)",
  },
  Object {
    "code": "dua-CM",
    "name": "Duala (Cameroon) (dua-CM)",
  },
  Object {
    "code": "nl",
    "name": "Dutch (nl)",
  },
  Object {
    "code": "nl-AW",
    "name": "Dutch (Aruba) (nl-AW)",
  },
  Object {
    "code": "nl-BE",
    "name": "Dutch (Belgium) (nl-BE)",
  },
  Object {
    "code": "nl-CW",
    "name": "Dutch (Cura√ßao) (nl-CW)",
  },
  Object {
    "code": "nl-NL",
    "name": "Dutch (Netherlands) (nl-NL)",
  },
  Object {
    "code": "nl-SX",
    "name": "Dutch (Sint Maarten) (nl-SX)",
  },
  Object {
    "code": "ebu",
    "name": "Embu (ebu)",
  },
  Object {
    "code": "ebu-KE",
    "name": "Embu (Kenya) (ebu-KE)",
  },
  Object {
    "code": "en",
    "name": "English (en)",
  },
  Object {
    "code": "en-AS",
    "name": "English (American Samoa) (en-AS)",
  },
  Object {
    "code": "en-AU",
    "name": "English (Australia) (en-AU)",
  },
  Object {
    "code": "en-BB",
    "name": "English (Barbados) (en-BB)",
  },
  Object {
    "code": "en-BE",
    "name": "English (Belgium) (en-BE)",
  },
  Object {
    "code": "en-BZ",
    "name": "English (Belize) (en-BZ)",
  },
  Object {
    "code": "en-BM",
    "name": "English (Bermuda) (en-BM)",
  },
  Object {
    "code": "en-BW",
    "name": "English (Botswana) (en-BW)",
  },
  Object {
    "code": "en-CA",
    "name": "English (Canada) (en-CA)",
  },
  Object {
    "code": "en-EG",
    "name": "English (Egypt) (en-EG)",
  },
  Object {
    "code": "en-EU",
    "name": "English (Europe) (en-EU)",
  },
  Object {
    "code": "en-GU",
    "name": "English (Guam) (en-GU)",
  },
  Object {
    "code": "en-GY",
    "name": "English (Guyana) (en-GY)",
  },
  Object {
    "code": "en-HK",
    "name": "English (Hong Kong SAR China) (en-HK)",
  },
  Object {
    "code": "en-IN",
    "name": "English (India) (en-IN)",
  },
  Object {
    "code": "en-IE",
    "name": "English (Ireland) (en-IE)",
  },
  Object {
    "code": "en-JM",
    "name": "English (Jamaica) (en-JM)",
  },
  Object {
    "code": "en-MT",
    "name": "English (Malta) (en-MT)",
  },
  Object {
    "code": "en-MH",
    "name": "English (Marshall Islands) (en-MH)",
  },
  Object {
    "code": "en-MU",
    "name": "English (Mauritius) (en-MU)",
  },
  Object {
    "code": "en-NA",
    "name": "English (Namibia) (en-NA)",
  },
  Object {
    "code": "en-NZ",
    "name": "English (New Zealand) (en-NZ)",
  },
  Object {
    "code": "en-MP",
    "name": "English (Northern Mariana Islands) (en-MP)",
  },
  Object {
    "code": "en-PK",
    "name": "English (Pakistan) (en-PK)",
  },
  Object {
    "code": "en-PH",
    "name": "English (Philippines) (en-PH)",
  },
  Object {
    "code": "en-SA",
    "name": "English (Saudi Arabia) (en-SA)",
  },
  Object {
    "code": "en-SG",
    "name": "English (Singapore) (en-SG)",
  },
  Object {
    "code": "en-ZA",
    "name": "English (South Africa) (en-ZA)",
  },
  Object {
    "code": "en-TT",
    "name": "English (Trinidad and Tobago) (en-TT)",
  },
  Object {
    "code": "en-AE",
    "name": "English (U.A.E.) (en-AE)",
  },
  Object {
    "code": "en-UM",
    "name": "English (U.S. Minor Outlying Islands) (en-UM)",
  },
  Object {
    "code": "en-VI",
    "name": "English (U.S. Virgin Islands) (en-VI)",
  },
  Object {
    "code": "en-US-POSIX",
    "name": "English (U.S., Computer) (en-US-POSIX)",
  },
  Object {
    "code": "en-GB",
    "name": "English (United Kingdom) (en-GB)",
  },
  Object {
    "code": "en-US",
    "name": "English (United States) (en-US)",
  },
  Object {
    "code": "en-ZW",
    "name": "English (Zimbabwe) (en-ZW)",
  },
  Object {
    "code": "eo",
    "name": "Esperanto (eo)",
  },
  Object {
    "code": "et",
    "name": "Estonian (et)",
  },
  Object {
    "code": "et-EE",
    "name": "Estonian (Estonia) (et-EE)",
  },
  Object {
    "code": "ee",
    "name": "Ewe (ee)",
  },
  Object {
    "code": "ee-GH",
    "name": "Ewe (Ghana) (ee-GH)",
  },
  Object {
    "code": "ee-TG",
    "name": "Ewe (Togo) (ee-TG)",
  },
  Object {
    "code": "ewo",
    "name": "Ewondo (ewo)",
  },
  Object {
    "code": "ewo-CM",
    "name": "Ewondo (Cameroon) (ewo-CM)",
  },
  Object {
    "code": "fo",
    "name": "Faroese (fo)",
  },
  Object {
    "code": "fo-FO",
    "name": "Faroese (Faroe Islands) (fo-FO)",
  },
  Object {
    "code": "fil",
    "name": "Filipino (fil)",
  },
  Object {
    "code": "fil-PH",
    "name": "Filipino (Philippines) (fil-PH)",
  },
  Object {
    "code": "fi",
    "name": "Finnish (fi)",
  },
  Object {
    "code": "fi-FI",
    "name": "Finnish (Finland) (fi-FI)",
  },
  Object {
    "code": "fr",
    "name": "French (fr)",
  },
  Object {
    "code": "fr-BE",
    "name": "French (Belgium) (fr-BE)",
  },
  Object {
    "code": "fr-BJ",
    "name": "French (Benin) (fr-BJ)",
  },
  Object {
    "code": "fr-BF",
    "name": "French (Burkina Faso) (fr-BF)",
  },
  Object {
    "code": "fr-BI",
    "name": "French (Burundi) (fr-BI)",
  },
  Object {
    "code": "fr-CM",
    "name": "French (Cameroon) (fr-CM)",
  },
  Object {
    "code": "fr-CA",
    "name": "French (Canada) (fr-CA)",
  },
  Object {
    "code": "fr-CF",
    "name": "French (Central African Republic) (fr-CF)",
  },
  Object {
    "code": "fr-TD",
    "name": "French (Chad) (fr-TD)",
  },
  Object {
    "code": "fr-KM",
    "name": "French (Comoros) (fr-KM)",
  },
  Object {
    "code": "fr-CG",
    "name": "French (Congo - Brazzaville) (fr-CG)",
  },
  Object {
    "code": "fr-CD",
    "name": "French (Congo - Kinshasa) (fr-CD)",
  },
  Object {
    "code": "fr-CI",
    "name": "French (C√¥te d‚ÄôIvoire) (fr-CI)",
  },
  Object {
    "code": "fr-DJ",
    "name": "French (Djibouti) (fr-DJ)",
  },
  Object {
    "code": "fr-GQ",
    "name": "French (Equatorial Guinea) (fr-GQ)",
  },
  Object {
    "code": "fr-FR",
    "name": "French (France) (fr-FR)",
  },
  Object {
    "code": "fr-GF",
    "name": "French (French Guiana) (fr-GF)",
  },
  Object {
    "code": "fr-GA",
    "name": "French (Gabon) (fr-GA)",
  },
  Object {
    "code": "fr-GP",
    "name": "French (Guadeloupe) (fr-GP)",
  },
  Object {
    "code": "fr-GN",
    "name": "French (Guinea) (fr-GN)",
  },
  Object {
    "code": "fr-LU",
    "name": "French (Luxembourg) (fr-LU)",
  },
  Object {
    "code": "fr-MG",
    "name": "French (Madagascar) (fr-MG)",
  },
  Object {
    "code": "fr-ML",
    "name": "French (Mali) (fr-ML)",
  },
  Object {
    "code": "fr-MQ",
    "name": "French (Martinique) (fr-MQ)",
  },
  Object {
    "code": "fr-YT",
    "name": "French (Mayotte) (fr-YT)",
  },
  Object {
    "code": "fr-MC",
    "name": "French (Monaco) (fr-MC)",
  },
  Object {
    "code": "fr-NE",
    "name": "French (Niger) (fr-NE)",
  },
  Object {
    "code": "fr-RW",
    "name": "French (Rwanda) (fr-RW)",
  },
  Object {
    "code": "fr-RE",
    "name": "French (R√©union) (fr-RE)",
  },
  Object {
    "code": "fr-BL",
    "name": "French (Saint Barth√©lemy) (fr-BL)",
  },
  Object {
    "code": "fr-MF",
    "name": "French (Saint Martin) (fr-MF)",
  },
  Object {
    "code": "fr-SN",
    "name": "French (Senegal) (fr-SN)",
  },
  Object {
    "code": "fr-CH",
    "name": "French (Switzerland) (fr-CH)",
  },
  Object {
    "code": "fr-TG",
    "name": "French (Togo) (fr-TG)",
  },
  Object {
    "code": "ff",
    "name": "Fulah (ff)",
  },
  Object {
    "code": "ff-SN",
    "name": "Fulah (Senegal) (ff-SN)",
  },
  Object {
    "code": "gl",
    "name": "Galician (gl)",
  },
  Object {
    "code": "gl-ES",
    "name": "Galician (Spain) (gl-ES)",
  },
  Object {
    "code": "lg",
    "name": "Ganda (lg)",
  },
  Object {
    "code": "lg-UG",
    "name": "Ganda (Uganda) (lg-UG)",
  },
  Object {
    "code": "ka",
    "name": "Georgian (ka)",
  },
  Object {
    "code": "ka-GE",
    "name": "Georgian (Georgia) (ka-GE)",
  },
  Object {
    "code": "de",
    "name": "German (de)",
  },
  Object {
    "code": "de-AT",
    "name": "German (Austria) (de-AT)",
  },
  Object {
    "code": "de-BE",
    "name": "German (Belgium) (de-BE)",
  },
  Object {
    "code": "de-DE",
    "name": "German (Germany) (de-DE)",
  },
  Object {
    "code": "de-LI",
    "name": "German (Liechtenstein) (de-LI)",
  },
  Object {
    "code": "de-LU",
    "name": "German (Luxembourg) (de-LU)",
  },
  Object {
    "code": "de-CH",
    "name": "German (Switzerland) (de-CH)",
  },
  Object {
    "code": "el",
    "name": "Greek (el)",
  },
  Object {
    "code": "el-CY",
    "name": "Greek (Cyprus) (el-CY)",
  },
  Object {
    "code": "el-GR",
    "name": "Greek (Greece) (el-GR)",
  },
  Object {
    "code": "gu",
    "name": "Gujarati (gu)",
  },
  Object {
    "code": "gu-IN",
    "name": "Gujarati (India) (gu-IN)",
  },
  Object {
    "code": "guz",
    "name": "Gusii (guz)",
  },
  Object {
    "code": "guz-KE",
    "name": "Gusii (Kenya) (guz-KE)",
  },
  Object {
    "code": "ha",
    "name": "Hausa (ha)",
  },
  Object {
    "code": "ha-Latn",
    "name": "Hausa (Latin) (ha-Latn)",
  },
  Object {
    "code": "ha-Latn-GH",
    "name": "Hausa (Latin, Ghana) (ha-Latn-GH)",
  },
  Object {
    "code": "ha-Latn-NE",
    "name": "Hausa (Latin, Niger) (ha-Latn-NE)",
  },
  Object {
    "code": "ha-Latn-NG",
    "name": "Hausa (Latin, Nigeria) (ha-Latn-NG)",
  },
  Object {
    "code": "haw",
    "name": "Hawaiian (haw)",
  },
  Object {
    "code": "haw-US",
    "name": "Hawaiian (United States) (haw-US)",
  },
  Object {
    "code": "he",
    "name": "Hebrew (he)",
  },
  Object {
    "code": "he-IL",
    "name": "Hebrew (Israel) (he-IL)",
  },
  Object {
    "code": "hi",
    "name": "Hindi (hi)",
  },
  Object {
    "code": "hi-IN",
    "name": "Hindi (India) (hi-IN)",
  },
  Object {
    "code": "hu",
    "name": "Hungarian (hu)",
  },
  Object {
    "code": "hu-HU",
    "name": "Hungarian (Hungary) (hu-HU)",
  },
  Object {
    "code": "is",
    "name": "Icelandic (is)",
  },
  Object {
    "code": "is-IS",
    "name": "Icelandic (Iceland) (is-IS)",
  },
  Object {
    "code": "ig",
    "name": "Igbo (ig)",
  },
  Object {
    "code": "ig-NG",
    "name": "Igbo (Nigeria) (ig-NG)",
  },
  Object {
    "code": "id",
    "name": "Indonesian (id)",
  },
  Object {
    "code": "id-ID",
    "name": "Indonesian (Indonesia) (id-ID)",
  },
  Object {
    "code": "ga",
    "name": "Irish (ga)",
  },
  Object {
    "code": "ga-IE",
    "name": "Irish (Ireland) (ga-IE)",
  },
  Object {
    "code": "it",
    "name": "Italian (it)",
  },
  Object {
    "code": "it-IT",
    "name": "Italian (Italy) (it-IT)",
  },
  Object {
    "code": "it-CH",
    "name": "Italian (Switzerland) (it-CH)",
  },
  Object {
    "code": "ja",
    "name": "Japanese (ja)",
  },
  Object {
    "code": "ja-JP",
    "name": "Japanese (Japan) (ja-JP)",
  },
  Object {
    "code": "dyo",
    "name": "Jola-Fonyi (dyo)",
  },
  Object {
    "code": "dyo-SN",
    "name": "Jola-Fonyi (Senegal) (dyo-SN)",
  },
  Object {
    "code": "kea",
    "name": "Kabuverdianu (kea)",
  },
  Object {
    "code": "kea-CV",
    "name": "Kabuverdianu (Cape Verde) (kea-CV)",
  },
  Object {
    "code": "kab",
    "name": "Kabyle (kab)",
  },
  Object {
    "code": "kab-DZ",
    "name": "Kabyle (Algeria) (kab-DZ)",
  },
  Object {
    "code": "kl",
    "name": "Kalaallisut (kl)",
  },
  Object {
    "code": "kl-GL",
    "name": "Kalaallisut (Greenland) (kl-GL)",
  },
  Object {
    "code": "kln",
    "name": "Kalenjin (kln)",
  },
  Object {
    "code": "kln-KE",
    "name": "Kalenjin (Kenya) (kln-KE)",
  },
  Object {
    "code": "kam",
    "name": "Kamba (kam)",
  },
  Object {
    "code": "kam-KE",
    "name": "Kamba (Kenya) (kam-KE)",
  },
  Object {
    "code": "kn",
    "name": "Kannada (kn)",
  },
  Object {
    "code": "kn-IN",
    "name": "Kannada (India) (kn-IN)",
  },
  Object {
    "code": "kaa",
    "name": "Kara-Kalpak (kaa)",
  },
  Object {
    "code": "kk",
    "name": "Kazakh (kk)",
  },
  Object {
    "code": "kk-Cyrl",
    "name": "Kazakh (Cyrillic) (kk-Cyrl)",
  },
  Object {
    "code": "kk-Cyrl-KZ",
    "name": "Kazakh (Cyrillic, Kazakhstan) (kk-Cyrl-KZ)",
  },
  Object {
    "code": "km",
    "name": "Khmer (km)",
  },
  Object {
    "code": "km-KH",
    "name": "Khmer (Cambodia) (km-KH)",
  },
  Object {
    "code": "ki",
    "name": "Kikuyu (ki)",
  },
  Object {
    "code": "ki-KE",
    "name": "Kikuyu (Kenya) (ki-KE)",
  },
  Object {
    "code": "rw",
    "name": "Kinyarwanda (rw)",
  },
  Object {
    "code": "rw-RW",
    "name": "Kinyarwanda (Rwanda) (rw-RW)",
  },
  Object {
    "code": "kok",
    "name": "Konkani (kok)",
  },
  Object {
    "code": "kok-IN",
    "name": "Konkani (India) (kok-IN)",
  },
  Object {
    "code": "ko",
    "name": "Korean (ko)",
  },
  Object {
    "code": "ko-KR",
    "name": "Korean (South Korea) (ko-KR)",
  },
  Object {
    "code": "khq",
    "name": "Koyra Chiini (khq)",
  },
  Object {
    "code": "khq-ML",
    "name": "Koyra Chiini (Mali) (khq-ML)",
  },
  Object {
    "code": "ses",
    "name": "Koyraboro Senni (ses)",
  },
  Object {
    "code": "ses-ML",
    "name": "Koyraboro Senni (Mali) (ses-ML)",
  },
  Object {
    "code": "nmg",
    "name": "Kwasio (nmg)",
  },
  Object {
    "code": "nmg-CM",
    "name": "Kwasio (Cameroon) (nmg-CM)",
  },
  Object {
    "code": "ky",
    "name": "Kyrgyz (ky)",
  },
  Object {
    "code": "lag",
    "name": "Langi (lag)",
  },
  Object {
    "code": "lag-TZ",
    "name": "Langi (Tanzania) (lag-TZ)",
  },
  Object {
    "code": "lv",
    "name": "Latvian (lv)",
  },
  Object {
    "code": "lv-LV",
    "name": "Latvian (Latvia) (lv-LV)",
  },
  Object {
    "code": "ln",
    "name": "Lingala (ln)",
  },
  Object {
    "code": "ln-CG",
    "name": "Lingala (Congo - Brazzaville) (ln-CG)",
  },
  Object {
    "code": "ln-CD",
    "name": "Lingala (Congo - Kinshasa) (ln-CD)",
  },
  Object {
    "code": "lt",
    "name": "Lithuanian (lt)",
  },
  Object {
    "code": "lt-LT",
    "name": "Lithuanian (Lithuania) (lt-LT)",
  },
  Object {
    "code": "lu",
    "name": "Luba-Katanga (lu)",
  },
  Object {
    "code": "lu-CD",
    "name": "Luba-Katanga (Congo - Kinshasa) (lu-CD)",
  },
  Object {
    "code": "luo",
    "name": "Luo (luo)",
  },
  Object {
    "code": "luo-KE",
    "name": "Luo (Kenya) (luo-KE)",
  },
  Object {
    "code": "luy",
    "name": "Luyia (luy)",
  },
  Object {
    "code": "luy-KE",
    "name": "Luyia (Kenya) (luy-KE)",
  },
  Object {
    "code": "mk",
    "name": "Macedonian (mk)",
  },
  Object {
    "code": "mk-MK",
    "name": "Macedonian (Macedonia) (mk-MK)",
  },
  Object {
    "code": "jmc",
    "name": "Machame (jmc)",
  },
  Object {
    "code": "jmc-TZ",
    "name": "Machame (Tanzania) (jmc-TZ)",
  },
  Object {
    "code": "mgh",
    "name": "Makhuwa-Meetto (mgh)",
  },
  Object {
    "code": "mgh-MZ",
    "name": "Makhuwa-Meetto (Mozambique) (mgh-MZ)",
  },
  Object {
    "code": "kde",
    "name": "Makonde (kde)",
  },
  Object {
    "code": "kde-TZ",
    "name": "Makonde (Tanzania) (kde-TZ)",
  },
  Object {
    "code": "mg",
    "name": "Malagasy (mg)",
  },
  Object {
    "code": "mg-MG",
    "name": "Malagasy (Madagascar) (mg-MG)",
  },
  Object {
    "code": "ms",
    "name": "Malay (ms)",
  },
  Object {
    "code": "ms-BN",
    "name": "Malay (Brunei) (ms-BN)",
  },
  Object {
    "code": "ms-MY",
    "name": "Malay (Malaysia) (ms-MY)",
  },
  Object {
    "code": "ml",
    "name": "Malayalam (ml)",
  },
  Object {
    "code": "ml-IN",
    "name": "Malayalam (India) (ml-IN)",
  },
  Object {
    "code": "mt",
    "name": "Maltese (mt)",
  },
  Object {
    "code": "mt-MT",
    "name": "Maltese (Malta) (mt-MT)",
  },
  Object {
    "code": "gv",
    "name": "Manx (gv)",
  },
  Object {
    "code": "gv-GB",
    "name": "Manx (United Kingdom) (gv-GB)",
  },
  Object {
    "code": "mr",
    "name": "Marathi (mr)",
  },
  Object {
    "code": "mr-IN",
    "name": "Marathi (India) (mr-IN)",
  },
  Object {
    "code": "mas",
    "name": "Masai (mas)",
  },
  Object {
    "code": "mas-KE",
    "name": "Masai (Kenya) (mas-KE)",
  },
  Object {
    "code": "mas-TZ",
    "name": "Masai (Tanzania) (mas-TZ)",
  },
  Object {
    "code": "mer",
    "name": "Meru (mer)",
  },
  Object {
    "code": "mer-KE",
    "name": "Meru (Kenya) (mer-KE)",
  },
  Object {
    "code": "mn",
    "name": "Mongolian (mn)",
  },
  Object {
    "code": "mfe",
    "name": "Morisyen (mfe)",
  },
  Object {
    "code": "mfe-MU",
    "name": "Morisyen (Mauritius) (mfe-MU)",
  },
  Object {
    "code": "mua",
    "name": "Mundang (mua)",
  },
  Object {
    "code": "mua-CM",
    "name": "Mundang (Cameroon) (mua-CM)",
  },
  Object {
    "code": "naq",
    "name": "Nama (naq)",
  },
  Object {
    "code": "naq-NA",
    "name": "Nama (Namibia) (naq-NA)",
  },
  Object {
    "code": "ne",
    "name": "Nepali (ne)",
  },
  Object {
    "code": "ne-IN",
    "name": "Nepali (India) (ne-IN)",
  },
  Object {
    "code": "ne-NP",
    "name": "Nepali (Nepal) (ne-NP)",
  },
  Object {
    "code": "nd",
    "name": "North Ndebele (nd)",
  },
  Object {
    "code": "nd-ZW",
    "name": "North Ndebele (Zimbabwe) (nd-ZW)",
  },
  Object {
    "code": "nb",
    "name": "Norwegian Bokm√•l (nb)",
  },
  Object {
    "code": "nb-NO",
    "name": "Norwegian Bokm√•l (Norway) (nb-NO)",
  },
  Object {
    "code": "nn",
    "name": "Norwegian Nynorsk (nn)",
  },
  Object {
    "code": "nn-NO",
    "name": "Norwegian Nynorsk (Norway) (nn-NO)",
  },
  Object {
    "code": "nus",
    "name": "Nuer (nus)",
  },
  Object {
    "code": "nus-SD",
    "name": "Nuer (Sudan) (nus-SD)",
  },
  Object {
    "code": "nyn",
    "name": "Nyankole (nyn)",
  },
  Object {
    "code": "nyn-UG",
    "name": "Nyankole (Uganda) (nyn-UG)",
  },
  Object {
    "code": "or",
    "name": "Oriya (or)",
  },
  Object {
    "code": "or-IN",
    "name": "Oriya (India) (or-IN)",
  },
  Object {
    "code": "om",
    "name": "Oromo (om)",
  },
  Object {
    "code": "om-ET",
    "name": "Oromo (Ethiopia) (om-ET)",
  },
  Object {
    "code": "om-KE",
    "name": "Oromo (Kenya) (om-KE)",
  },
  Object {
    "code": "ps",
    "name": "Pashto (ps)",
  },
  Object {
    "code": "ps-AF",
    "name": "Pashto (Afghanistan) (ps-AF)",
  },
  Object {
    "code": "fa",
    "name": "Persian (fa)",
  },
  Object {
    "code": "fa-AF",
    "name": "Persian (Afghanistan) (fa-AF)",
  },
  Object {
    "code": "fa-IR",
    "name": "Persian (Iran) (fa-IR)",
  },
  Object {
    "code": "pl",
    "name": "Polish (pl)",
  },
  Object {
    "code": "pl-PL",
    "name": "Polish (Poland) (pl-PL)",
  },
  Object {
    "code": "pt",
    "name": "Portuguese (pt)",
  },
  Object {
    "code": "pt-AO",
    "name": "Portuguese (Angola) (pt-AO)",
  },
  Object {
    "code": "pt-BR",
    "name": "Portuguese (Brazil) (pt-BR)",
  },
  Object {
    "code": "pt-GW",
    "name": "Portuguese (Guinea-Bissau) (pt-GW)",
  },
  Object {
    "code": "pt-MZ",
    "name": "Portuguese (Mozambique) (pt-MZ)",
  },
  Object {
    "code": "pt-PT",
    "name": "Portuguese (Portugal) (pt-PT)",
  },
  Object {
    "code": "pt-ST",
    "name": "Portuguese (S√£o Tom√© and Pr√≠ncipe) (pt-ST)",
  },
  Object {
    "code": "pa",
    "name": "Punjabi (pa)",
  },
  Object {
    "code": "pa-Arab",
    "name": "Punjabi (Arabic) (pa-Arab)",
  },
  Object {
    "code": "pa-Arab-PK",
    "name": "Punjabi (Arabic, Pakistan) (pa-Arab-PK)",
  },
  Object {
    "code": "pa-Guru",
    "name": "Punjabi (Gurmukhi) (pa-Guru)",
  },
  Object {
    "code": "pa-Guru-IN",
    "name": "Punjabi (Gurmukhi, India) (pa-Guru-IN)",
  },
  Object {
    "code": "ro",
    "name": "Romanian (ro)",
  },
  Object {
    "code": "ro-MD",
    "name": "Romanian (Moldova) (ro-MD)",
  },
  Object {
    "code": "ro-RO",
    "name": "Romanian (Romania) (ro-RO)",
  },
  Object {
    "code": "rm",
    "name": "Romansh (rm)",
  },
  Object {
    "code": "rm-CH",
    "name": "Romansh (Switzerland) (rm-CH)",
  },
  Object {
    "code": "rof",
    "name": "Rombo (rof)",
  },
  Object {
    "code": "rof-TZ",
    "name": "Rombo (Tanzania) (rof-TZ)",
  },
  Object {
    "code": "rn",
    "name": "Rundi (rn)",
  },
  Object {
    "code": "rn-BI",
    "name": "Rundi (Burundi) (rn-BI)",
  },
  Object {
    "code": "ru",
    "name": "Russian (ru)",
  },
  Object {
    "code": "ru-MD",
    "name": "Russian (Moldova) (ru-MD)",
  },
  Object {
    "code": "ru-RU",
    "name": "Russian (Russia) (ru-RU)",
  },
  Object {
    "code": "ru-UA",
    "name": "Russian (Ukraine) (ru-UA)",
  },
  Object {
    "code": "rwk",
    "name": "Rwa (rwk)",
  },
  Object {
    "code": "rwk-TZ",
    "name": "Rwa (Tanzania) (rwk-TZ)",
  },
  Object {
    "code": "saq",
    "name": "Samburu (saq)",
  },
  Object {
    "code": "saq-KE",
    "name": "Samburu (Kenya) (saq-KE)",
  },
  Object {
    "code": "sg",
    "name": "Sango (sg)",
  },
  Object {
    "code": "sg-CF",
    "name": "Sango (Central African Republic) (sg-CF)",
  },
  Object {
    "code": "sbp",
    "name": "Sangu (sbp)",
  },
  Object {
    "code": "sbp-TZ",
    "name": "Sangu (Tanzania) (sbp-TZ)",
  },
  Object {
    "code": "sa",
    "name": "Sanskrit (sa)",
  },
  Object {
    "code": "seh",
    "name": "Sena (seh)",
  },
  Object {
    "code": "seh-MZ",
    "name": "Sena (Mozambique) (seh-MZ)",
  },
  Object {
    "code": "sr",
    "name": "Serbian (sr)",
  },
  Object {
    "code": "sr-Cyrl",
    "name": "Serbian (Cyrillic) (sr-Cyrl)",
  },
  Object {
    "code": "sr-Cyrl-BA",
    "name": "Serbian (Cyrillic, Bosnia and Herzegovina)(sr-Cyrl-BA) ",
  },
  Object {
    "code": "sr-Cyrl-ME",
    "name": "Serbian (Cyrillic, Montenegro) (sr-Cyrl-ME)",
  },
  Object {
    "code": "sr-Cyrl-RS",
    "name": "Serbian (Cyrillic, Serbia) (sr-Cyrl-RS)",
  },
  Object {
    "code": "sr-Latn",
    "name": "Serbian (Latin) (sr-Latn)",
  },
  Object {
    "code": "sr-Latn-BA",
    "name": "Serbian (Latin, Bosnia and Herzegovina) (sr-Latn-BA) ",
  },
  Object {
    "code": "sr-Latn-ME",
    "name": "Serbian (Latin, Montenegro) (sr-Latn-ME)",
  },
  Object {
    "code": "sr-Latn-RS",
    "name": "Serbian (Latin, Serbia) (sr-Latn-RS)",
  },
  Object {
    "code": "ksb",
    "name": "Shambala (ksb)",
  },
  Object {
    "code": "ksb-TZ",
    "name": "Shambala (Tanzania) (ksb-TZ)",
  },
  Object {
    "code": "sn",
    "name": "Shona (sn)",
  },
  Object {
    "code": "sn-ZW",
    "name": "Shona (Zimbabwe) (sn-ZW)",
  },
  Object {
    "code": "ii",
    "name": "Sichuan Yi (ii)",
  },
  Object {
    "code": "ii-CN",
    "name": "Sichuan Yi (China) (ii-CN)",
  },
  Object {
    "code": "si",
    "name": "Sinhala (si)",
  },
  Object {
    "code": "si-LK",
    "name": "Sinhala (Sri Lanka) (si-LK)",
  },
  Object {
    "code": "sk",
    "name": "Slovak (sk)",
  },
  Object {
    "code": "sk-SK",
    "name": "Slovak (Slovakia) (sk-SK)",
  },
  Object {
    "code": "sl",
    "name": "Slovenian (sl)",
  },
  Object {
    "code": "sl-SI",
    "name": "Slovenian (Slovenia) (sl-SI)",
  },
  Object {
    "code": "xog",
    "name": "Soga (xog)",
  },
  Object {
    "code": "xog-UG",
    "name": "Soga (Uganda) (xog-UG)",
  },
  Object {
    "code": "so",
    "name": "Somali (so)",
  },
  Object {
    "code": "so-DJ",
    "name": "Somali (Djibouti) (so-DJ)",
  },
  Object {
    "code": "so-ET",
    "name": "Somali (Ethiopia) (so-ET)",
  },
  Object {
    "code": "so-KE",
    "name": "Somali (Kenya) (so-KE)",
  },
  Object {
    "code": "so-SO",
    "name": "Somali (Somalia) (so-SO)",
  },
  Object {
    "code": "es",
    "name": "Spanish (es)",
  },
  Object {
    "code": "es-AR",
    "name": "Spanish (Argentina) (es-AR)",
  },
  Object {
    "code": "es-BO",
    "name": "Spanish (Bolivia) (es-BO)",
  },
  Object {
    "code": "es-CL",
    "name": "Spanish (Chile) (es-CL)",
  },
  Object {
    "code": "es-CO",
    "name": "Spanish (Colombia) (es-CO)",
  },
  Object {
    "code": "es-CR",
    "name": "Spanish (Costa Rica) (es-CR)",
  },
  Object {
    "code": "es-DO",
    "name": "Spanish (Dominican Republic) (es-DO)",
  },
  Object {
    "code": "es-EC",
    "name": "Spanish (Ecuador) (es-EC)",
  },
  Object {
    "code": "es-SV",
    "name": "Spanish (El Salvador) (es-SV)",
  },
  Object {
    "code": "es-GQ",
    "name": "Spanish (Equatorial Guinea) (es-GQ)",
  },
  Object {
    "code": "es-GT",
    "name": "Spanish (Guatemala) (es-GT)",
  },
  Object {
    "code": "es-HN",
    "name": "Spanish (Honduras) (es-HN)",
  },
  Object {
    "code": "es-419",
    "name": "Spanish (Latin America) (es-419)",
  },
  Object {
    "code": "es-MX",
    "name": "Spanish (Mexico) (es-MX)",
  },
  Object {
    "code": "es-NI",
    "name": "Spanish (Nicaragua) (es-NI)",
  },
  Object {
    "code": "es-PA",
    "name": "Spanish (Panama) (es-PA)",
  },
  Object {
    "code": "es-PY",
    "name": "Spanish (Paraguay) (es-PY)",
  },
  Object {
    "code": "es-PE",
    "name": "Spanish (Peru) (es-PE)",
  },
  Object {
    "code": "es-PR",
    "name": "Spanish (Puerto Rico) (es-PR)",
  },
  Object {
    "code": "es-ES",
    "name": "Spanish (Spain) (es-ES)",
  },
  Object {
    "code": "es-US",
    "name": "Spanish (United States) (es-US)",
  },
  Object {
    "code": "es-UY",
    "name": "Spanish (Uruguay) (es-UY)",
  },
  Object {
    "code": "es-VE",
    "name": "Spanish (Venezuela) (es-VE)",
  },
  Object {
    "code": "sw",
    "name": "Swahili (sw)",
  },
  Object {
    "code": "sw-KE",
    "name": "Swahili (Kenya) (sw-KE)",
  },
  Object {
    "code": "sw-TZ",
    "name": "Swahili (Tanzania) (sw-TZ)",
  },
  Object {
    "code": "sv",
    "name": "Swedish (sv)",
  },
  Object {
    "code": "sv-FI",
    "name": "Swedish (Finland) (sv-FI)",
  },
  Object {
    "code": "sv-SE",
    "name": "Swedish (Sweden) (sv-SE)",
  },
  Object {
    "code": "gsw",
    "name": "Swiss German (gsw)",
  },
  Object {
    "code": "gsw-CH",
    "name": "Swiss German (Switzerland) (gsw-CH)",
  },
  Object {
    "code": "shi",
    "name": "Tachelhit (shi)",
  },
  Object {
    "code": "shi-Latn",
    "name": "Tachelhit (Latin) (shi-Latn)",
  },
  Object {
    "code": "shi-Latn-MA",
    "name": "Tachelhit (Latin, Morocco) (shi-Latn-MA)",
  },
  Object {
    "code": "shi-Tfng",
    "name": "Tachelhit (Tifinagh) (shi-Tfng)",
  },
  Object {
    "code": "shi-Tfng-MA",
    "name": "Tachelhit (Tifinagh, Morocco) (shi-Tfng-MA)",
  },
  Object {
    "code": "dav",
    "name": "Taita (dav)",
  },
  Object {
    "code": "dav-KE",
    "name": "Taita (Kenya) (dav-KE)",
  },
  Object {
    "code": "tg",
    "name": "Tajik (tg)",
  },
  Object {
    "code": "ta",
    "name": "Tamil (ta)",
  },
  Object {
    "code": "ta-IN",
    "name": "Tamil (India) (ta-IN)",
  },
  Object {
    "code": "ta-LK",
    "name": "Tamil (Sri Lanka) (ta-LK)",
  },
  Object {
    "code": "twq",
    "name": "Tasawaq (twq)",
  },
  Object {
    "code": "twq-NE",
    "name": "Tasawaq (Niger) (twq-NE)",
  },
  Object {
    "code": "te",
    "name": "Telugu (te)",
  },
  Object {
    "code": "te-IN",
    "name": "Telugu (India) (te-IN)",
  },
  Object {
    "code": "teo",
    "name": "Teso (teo)",
  },
  Object {
    "code": "teo-KE",
    "name": "Teso (Kenya) (teo-KE)",
  },
  Object {
    "code": "teo-UG",
    "name": "Teso (Uganda) (teo-UG)",
  },
  Object {
    "code": "th",
    "name": "Thai (th)",
  },
  Object {
    "code": "th-TH",
    "name": "Thai (Thailand) (th-TH)",
  },
  Object {
    "code": "bo",
    "name": "Tibetan (bo)",
  },
  Object {
    "code": "bo-CN",
    "name": "Tibetan (China) (bo-CN)",
  },
  Object {
    "code": "bo-IN",
    "name": "Tibetan (India) (bo-IN)",
  },
  Object {
    "code": "ti",
    "name": "Tigrinya (ti)",
  },
  Object {
    "code": "ti-ER",
    "name": "Tigrinya (Eritrea) (ti-ER)",
  },
  Object {
    "code": "ti-ET",
    "name": "Tigrinya (Ethiopia) (ti-ET)",
  },
  Object {
    "code": "to",
    "name": "Tongan (to)",
  },
  Object {
    "code": "to-TO",
    "name": "Tongan (Tonga) (to-TO)",
  },
  Object {
    "code": "tr",
    "name": "Turkish (tr)",
  },
  Object {
    "code": "tk",
    "name": "Turkmen (tk)",
  },
  Object {
    "code": "tr-TR",
    "name": "Turkish (Turkey) (tr-TR)",
  },
  Object {
    "code": "uk",
    "name": "Ukrainian (uk)",
  },
  Object {
    "code": "uk-UA",
    "name": "Ukrainian (Ukraine) (uk-UA)",
  },
  Object {
    "code": "ur",
    "name": "Urdu (ur)",
  },
  Object {
    "code": "ur-IN",
    "name": "Urdu (India) (ur-IN)",
  },
  Object {
    "code": "ur-PK",
    "name": "Urdu (Pakistan) (ur-PK)",
  },
  Object {
    "code": "uz",
    "name": "Uzbek (uz)",
  },
  Object {
    "code": "uz-Arab",
    "name": "Uzbek (Arabic) (uz-Arab)",
  },
  Object {
    "code": "uz-Arab-AF",
    "name": "Uzbek (Arabic, Afghanistan) (uz-Arab-AF)",
  },
  Object {
    "code": "uz-Cyrl",
    "name": "Uzbek (Cyrillic) (uz-Cyrl)",
  },
  Object {
    "code": "uz-Cyrl-UZ",
    "name": "Uzbek (Cyrillic, Uzbekistan) (uz-Cyrl-UZ)",
  },
  Object {
    "code": "uz-Latn",
    "name": "Uzbek (Latin) (uz-Latn)",
  },
  Object {
    "code": "uz-Latn-UZ",
    "name": "Uzbek (Latin, Uzbekistan) (uz-Latn-UZ)",
  },
  Object {
    "code": "vai",
    "name": "Vai (vai)",
  },
  Object {
    "code": "vai-Latn",
    "name": "Vai (Latin) (vai-Latn)",
  },
  Object {
    "code": "vai-Latn-LR",
    "name": "Vai (Latin, Liberia) (vai-Latn-LR)",
  },
  Object {
    "code": "vai-Vaii",
    "name": "Vai (Vai) (vai-Vaii)",
  },
  Object {
    "code": "vai-Vaii-LR",
    "name": "Vai (Vai, Liberia) (vai-Vaii-LR)",
  },
  Object {
    "code": "vi",
    "name": "Vietnamese (vi)",
  },
  Object {
    "code": "vi-VN",
    "name": "Vietnamese (Vietnam) (vi-VN)",
  },
  Object {
    "code": "vun",
    "name": "Vunjo (vun)",
  },
  Object {
    "code": "vun-TZ",
    "name": "Vunjo (Tanzania) (vun-TZ)",
  },
  Object {
    "code": "cy",
    "name": "Welsh (cy)",
  },
  Object {
    "code": "cy-GB",
    "name": "Welsh (United Kingdom) (cy-GB)",
  },
  Object {
    "code": "yav",
    "name": "Yangben (yav)",
  },
  Object {
    "code": "yav-CM",
    "name": "Yangben (Cameroon) (yav-CM)",
  },
  Object {
    "code": "yo",
    "name": "Yoruba (yo)",
  },
  Object {
    "code": "yo-NG",
    "name": "Yoruba (Nigeria) (yo-NG)",
  },
  Object {
    "code": "dje",
    "name": "Zarma (dje)",
  },
  Object {
    "code": "dje-NE",
    "name": "Zarma (Niger) (dje-NE)",
  },
  Object {
    "code": "zu",
    "name": "Zulu (zu)",
  },
  Object {
    "code": "zu-ZA",
    "name": "Zulu (South Africa) (zu-ZA)",
  },
]
`;
